{
    "simplex_emitbam": {
        "content": [
            [
                "versions.yml:md5,0c0dbb3b9a04ec5b9e65bc9d5d9ee1d9",
                "versions.yml:md5,b3930a6150351e7cbdb27f7a749ee8e6"
            ]
        ],
        "meta": {
            "nf-test": "0.9.0",
            "nextflow": "24.04.4"
        },
        "timestamp": "2024-09-02T15:47:15.201334"
    },
    "simplex_default": {
        "content": [
            [
                "versions.yml:md5,0c0dbb3b9a04ec5b9e65bc9d5d9ee1d9",
                "versions.yml:md5,b3930a6150351e7cbdb27f7a749ee8e6"
            ]
        ],
        "meta": {
            "nf-test": "0.9.0",
            "nextflow": "24.04.4"
        },
        "timestamp": "2024-09-02T15:31:03.995769"
    }
}